// Jest Snapshot v1, https://goo.gl/fbAQLP

exports[`matches snapshot 1`] = `
<label
  data-testid="label"
>
  Test label
</label>
`;
